---
http_interactions:
- request:
    method: get
    uri: https://api.spoonacular.com/recipes/complexSearch?apiKey=apiKey&query=
    body:
      encoding: US-ASCII
      string: ''
    headers:
      User-Agent:
      - Faraday v2.7.11
      Accept-Encoding:
      - gzip;q=1.0,deflate;q=0.6,identity;q=0.3
      Accept:
      - "*/*"
  response:
    status:
      code: 200
      message: OK
    headers:
      Date:
      - Thu, 02 Nov 2023 14:13:00 GMT
      Content-Type:
      - application/json
      Content-Length:
      - '1472'
      Connection:
      - keep-alive
      Allow-Control-Allow-Origin:
      - "*"
      Access-Control-Allow-Origin:
      - "*"
      Access-Control-Allow-Headers:
      - Authorization, UserId, Hash, Name, Password, Accept, Accept-Language, x-api-key,
        Content-Language, Content-Type, Cache-Control, Origin, X-Requested-With
      Access-Control-Allow-Methods:
      - GET, HEAD, POST, OPTIONS, DELETE, PUT
      Allow-Control-Allow-Methods:
      - GET, HEAD, POST, OPTIONS, DELETE, PUT
      X-Api-Quota-Request:
      - '1.1'
      X-Api-Quota-Used:
      - '29.180000000000014'
      X-Api-Quota-Left:
      - '1470.82'
      Cf-Cache-Status:
      - DYNAMIC
      Report-To:
      - '{"endpoints":[{"url":"https:\/\/a.nel.cloudflare.com\/report\/v3?s=CmNls6W6E1z9ABlxQuVMiPSJiRCizcObg3sykGk4JRNnYSRi2dY%2FwyNJx%2BKpErYMYqVkRcCEW1PxQxU2G46CVGekbLqfaSHAwAZiaDjCJPQmuiQftGwKx74Qi1Mh9Ek3g%2FhOMqA%3D"}],"group":"cf-nel","max_age":604800}'
      Nel:
      - '{"success_fraction":0,"report_to":"cf-nel","max_age":604800}'
      Server:
      - cloudflare
      Cf-Ray:
      - 81fcf9c23dbb1f44-DEN
      Alt-Svc:
      - h3=":443"; ma=86400
    body:
      encoding: ASCII-8BIT
      string: '{"results":[{"id":782585,"title":"Cannellini Bean and Asparagus Salad
        with Mushrooms","image":"https://spoonacular.com/recipeImages/782585-312x231.jpg","imageType":"jpg"},{"id":716426,"title":"Cauliflower,
        Brown Rice, and Vegetable Fried Rice","image":"https://spoonacular.com/recipeImages/716426-312x231.jpg","imageType":"jpg"},{"id":715497,"title":"Berry
        Banana Breakfast Smoothie","image":"https://spoonacular.com/recipeImages/715497-312x231.jpg","imageType":"jpg"},{"id":715415,"title":"Red
        Lentil Soup with Chicken and Turnips","image":"https://spoonacular.com/recipeImages/715415-312x231.jpg","imageType":"jpg"},{"id":716406,"title":"Asparagus
        and Pea Soup: Real Convenience Food","image":"https://spoonacular.com/recipeImages/716406-312x231.jpg","imageType":"jpg"},{"id":644387,"title":"Garlicky
        Kale","image":"https://spoonacular.com/recipeImages/644387-312x231.jpg","imageType":"jpg"},{"id":715446,"title":"Slow
        Cooker Beef Stew","image":"https://spoonacular.com/recipeImages/715446-312x231.jpg","imageType":"jpg"},{"id":782601,"title":"Red
        Kidney Bean Jambalaya","image":"https://spoonacular.com/recipeImages/782601-312x231.jpg","imageType":"jpg"},{"id":795751,"title":"Chicken
        Fajita Stuffed Bell Pepper","image":"https://spoonacular.com/recipeImages/795751-312x231.jpg","imageType":"jpg"},{"id":766453,"title":"Hummus
        and Za''atar","image":"https://spoonacular.com/recipeImages/766453-312x231.jpg","imageType":"jpg"}],"offset":0,"number":10,"totalResults":5220}'
  recorded_at: Thu, 02 Nov 2023 14:13:00 GMT
- request:
    method: get
    uri: https://api.spoonacular.com/recipes/complexSearch?apiKey=apiKey&query=
    body:
      encoding: US-ASCII
      string: ''
    headers:
      User-Agent:
      - Faraday v2.7.11
      Accept-Encoding:
      - gzip;q=1.0,deflate;q=0.6,identity;q=0.3
      Accept:
      - "*/*"
  response:
    status:
      code: 200
      message: OK
    headers:
      Date:
      - Thu, 02 Nov 2023 14:19:01 GMT
      Content-Type:
      - application/json
      Content-Length:
      - '1472'
      Connection:
      - keep-alive
      Allow-Control-Allow-Origin:
      - "*"
      Access-Control-Allow-Origin:
      - "*"
      Access-Control-Allow-Headers:
      - Authorization, UserId, Hash, Name, Password, Accept, Accept-Language, x-api-key,
        Content-Language, Content-Type, Cache-Control, Origin, X-Requested-With
      Access-Control-Allow-Methods:
      - GET, HEAD, POST, OPTIONS, DELETE, PUT
      Allow-Control-Allow-Methods:
      - GET, HEAD, POST, OPTIONS, DELETE, PUT
      X-Api-Quota-Request:
      - '1.1'
      X-Api-Quota-Used:
      - '34.59000000000002'
      X-Api-Quota-Left:
      - '1465.41'
      Cf-Cache-Status:
      - DYNAMIC
      Report-To:
      - '{"endpoints":[{"url":"https:\/\/a.nel.cloudflare.com\/report\/v3?s=HMGuyJ%2FqrqdsrlsTDFvCrnPRaNyuHX7SKsFnDdYuVzwG%2B%2FGLKex9yMDYzgS5uYpT%2BwChGdjefOxkQZ3tmUZJXzWpICGA7%2BmLR2vvUygmdRvHlEPOYY6pc%2FCm%2FlCHWy15oFiHHJc%3D"}],"group":"cf-nel","max_age":604800}'
      Nel:
      - '{"success_fraction":0,"report_to":"cf-nel","max_age":604800}'
      Server:
      - cloudflare
      Cf-Ray:
      - 81fd0296fdf91f26-DEN
      Alt-Svc:
      - h3=":443"; ma=86400
    body:
      encoding: ASCII-8BIT
      string: '{"results":[{"id":782585,"title":"Cannellini Bean and Asparagus Salad
        with Mushrooms","image":"https://spoonacular.com/recipeImages/782585-312x231.jpg","imageType":"jpg"},{"id":716426,"title":"Cauliflower,
        Brown Rice, and Vegetable Fried Rice","image":"https://spoonacular.com/recipeImages/716426-312x231.jpg","imageType":"jpg"},{"id":715497,"title":"Berry
        Banana Breakfast Smoothie","image":"https://spoonacular.com/recipeImages/715497-312x231.jpg","imageType":"jpg"},{"id":715415,"title":"Red
        Lentil Soup with Chicken and Turnips","image":"https://spoonacular.com/recipeImages/715415-312x231.jpg","imageType":"jpg"},{"id":716406,"title":"Asparagus
        and Pea Soup: Real Convenience Food","image":"https://spoonacular.com/recipeImages/716406-312x231.jpg","imageType":"jpg"},{"id":644387,"title":"Garlicky
        Kale","image":"https://spoonacular.com/recipeImages/644387-312x231.jpg","imageType":"jpg"},{"id":715446,"title":"Slow
        Cooker Beef Stew","image":"https://spoonacular.com/recipeImages/715446-312x231.jpg","imageType":"jpg"},{"id":782601,"title":"Red
        Kidney Bean Jambalaya","image":"https://spoonacular.com/recipeImages/782601-312x231.jpg","imageType":"jpg"},{"id":795751,"title":"Chicken
        Fajita Stuffed Bell Pepper","image":"https://spoonacular.com/recipeImages/795751-312x231.jpg","imageType":"jpg"},{"id":766453,"title":"Hummus
        and Za''atar","image":"https://spoonacular.com/recipeImages/766453-312x231.jpg","imageType":"jpg"}],"offset":0,"number":10,"totalResults":5220}'
  recorded_at: Thu, 02 Nov 2023 14:19:01 GMT
- request:
    method: get
    uri: https://api.spoonacular.com/recipes/complexSearch?apiKey=apiKey&query=
    body:
      encoding: US-ASCII
      string: ''
    headers:
      User-Agent:
      - Faraday v2.7.11
      Accept-Encoding:
      - gzip;q=1.0,deflate;q=0.6,identity;q=0.3
      Accept:
      - "*/*"
  response:
    status:
      code: 200
      message: OK
    headers:
      Date:
      - Thu, 02 Nov 2023 14:19:07 GMT
      Content-Type:
      - application/json
      Content-Length:
      - '1472'
      Connection:
      - keep-alive
      Allow-Control-Allow-Origin:
      - "*"
      Access-Control-Allow-Origin:
      - "*"
      Access-Control-Allow-Headers:
      - Authorization, UserId, Hash, Name, Password, Accept, Accept-Language, x-api-key,
        Content-Language, Content-Type, Cache-Control, Origin, X-Requested-With
      Access-Control-Allow-Methods:
      - GET, HEAD, POST, OPTIONS, DELETE, PUT
      Allow-Control-Allow-Methods:
      - GET, HEAD, POST, OPTIONS, DELETE, PUT
      X-Api-Quota-Request:
      - '1.1'
      X-Api-Quota-Used:
      - '40.00000000000002'
      X-Api-Quota-Left:
      - '1460.0'
      Cf-Cache-Status:
      - DYNAMIC
      Report-To:
      - '{"endpoints":[{"url":"https:\/\/a.nel.cloudflare.com\/report\/v3?s=02bU7DmQc5janTTEnnYU8zPy%2F57XYgW4QKHGan9zJRHK8upT6UHF%2FElAz1jTo3s7ofKbmsesm83JQ%2FHMu14JixWG8FDnK2UwcoX2TY1%2Fm077rgpCNqPuCvFB%2BGy3K040B67jHM8%3D"}],"group":"cf-nel","max_age":604800}'
      Nel:
      - '{"success_fraction":0,"report_to":"cf-nel","max_age":604800}'
      Server:
      - cloudflare
      Cf-Ray:
      - 81fd02b94c0f5342-DEN
      Alt-Svc:
      - h3=":443"; ma=86400
    body:
      encoding: ASCII-8BIT
      string: '{"results":[{"id":782585,"title":"Cannellini Bean and Asparagus Salad
        with Mushrooms","image":"https://spoonacular.com/recipeImages/782585-312x231.jpg","imageType":"jpg"},{"id":716426,"title":"Cauliflower,
        Brown Rice, and Vegetable Fried Rice","image":"https://spoonacular.com/recipeImages/716426-312x231.jpg","imageType":"jpg"},{"id":715497,"title":"Berry
        Banana Breakfast Smoothie","image":"https://spoonacular.com/recipeImages/715497-312x231.jpg","imageType":"jpg"},{"id":715415,"title":"Red
        Lentil Soup with Chicken and Turnips","image":"https://spoonacular.com/recipeImages/715415-312x231.jpg","imageType":"jpg"},{"id":716406,"title":"Asparagus
        and Pea Soup: Real Convenience Food","image":"https://spoonacular.com/recipeImages/716406-312x231.jpg","imageType":"jpg"},{"id":644387,"title":"Garlicky
        Kale","image":"https://spoonacular.com/recipeImages/644387-312x231.jpg","imageType":"jpg"},{"id":715446,"title":"Slow
        Cooker Beef Stew","image":"https://spoonacular.com/recipeImages/715446-312x231.jpg","imageType":"jpg"},{"id":782601,"title":"Red
        Kidney Bean Jambalaya","image":"https://spoonacular.com/recipeImages/782601-312x231.jpg","imageType":"jpg"},{"id":795751,"title":"Chicken
        Fajita Stuffed Bell Pepper","image":"https://spoonacular.com/recipeImages/795751-312x231.jpg","imageType":"jpg"},{"id":766453,"title":"Hummus
        and Za''atar","image":"https://spoonacular.com/recipeImages/766453-312x231.jpg","imageType":"jpg"}],"offset":0,"number":10,"totalResults":5220}'
  recorded_at: Thu, 02 Nov 2023 14:19:07 GMT
- request:
    method: get
    uri: https://api.spoonacular.com/recipes/complexSearch?apiKey=apiKey&query=
    body:
      encoding: US-ASCII
      string: ''
    headers:
      User-Agent:
      - Faraday v2.7.11
      Accept-Encoding:
      - gzip;q=1.0,deflate;q=0.6,identity;q=0.3
      Accept:
      - "*/*"
  response:
    status:
      code: 200
      message: OK
    headers:
      Date:
      - Thu, 02 Nov 2023 14:19:21 GMT
      Content-Type:
      - application/json
      Content-Length:
      - '1472'
      Connection:
      - keep-alive
      Allow-Control-Allow-Origin:
      - "*"
      Access-Control-Allow-Origin:
      - "*"
      Access-Control-Allow-Headers:
      - Authorization, UserId, Hash, Name, Password, Accept, Accept-Language, x-api-key,
        Content-Language, Content-Type, Cache-Control, Origin, X-Requested-With
      Access-Control-Allow-Methods:
      - GET, HEAD, POST, OPTIONS, DELETE, PUT
      Allow-Control-Allow-Methods:
      - GET, HEAD, POST, OPTIONS, DELETE, PUT
      X-Api-Quota-Request:
      - '1.1'
      X-Api-Quota-Used:
      - '45.410000000000025'
      X-Api-Quota-Left:
      - '1454.59'
      Cf-Cache-Status:
      - DYNAMIC
      Report-To:
      - '{"endpoints":[{"url":"https:\/\/a.nel.cloudflare.com\/report\/v3?s=kpyl00vr3KXRYjul8HD46Q0OSSYSDnMLSm91ytVOEccBepWja%2FNaFeS8BRB%2BJTjtDvWpKFT%2BLqHWqM4%2BIETXybAAPy8luQ6OK4IKf%2FG5L6J%2BMcIiU%2FpZ45ml%2B5CxfEK0jSvowd4%3D"}],"group":"cf-nel","max_age":604800}'
      Nel:
      - '{"success_fraction":0,"report_to":"cf-nel","max_age":604800}'
      Server:
      - cloudflare
      Cf-Ray:
      - 81fd031368f6538d-DEN
      Alt-Svc:
      - h3=":443"; ma=86400
    body:
      encoding: ASCII-8BIT
      string: '{"results":[{"id":782585,"title":"Cannellini Bean and Asparagus Salad
        with Mushrooms","image":"https://spoonacular.com/recipeImages/782585-312x231.jpg","imageType":"jpg"},{"id":716426,"title":"Cauliflower,
        Brown Rice, and Vegetable Fried Rice","image":"https://spoonacular.com/recipeImages/716426-312x231.jpg","imageType":"jpg"},{"id":715497,"title":"Berry
        Banana Breakfast Smoothie","image":"https://spoonacular.com/recipeImages/715497-312x231.jpg","imageType":"jpg"},{"id":715415,"title":"Red
        Lentil Soup with Chicken and Turnips","image":"https://spoonacular.com/recipeImages/715415-312x231.jpg","imageType":"jpg"},{"id":716406,"title":"Asparagus
        and Pea Soup: Real Convenience Food","image":"https://spoonacular.com/recipeImages/716406-312x231.jpg","imageType":"jpg"},{"id":644387,"title":"Garlicky
        Kale","image":"https://spoonacular.com/recipeImages/644387-312x231.jpg","imageType":"jpg"},{"id":715446,"title":"Slow
        Cooker Beef Stew","image":"https://spoonacular.com/recipeImages/715446-312x231.jpg","imageType":"jpg"},{"id":782601,"title":"Red
        Kidney Bean Jambalaya","image":"https://spoonacular.com/recipeImages/782601-312x231.jpg","imageType":"jpg"},{"id":795751,"title":"Chicken
        Fajita Stuffed Bell Pepper","image":"https://spoonacular.com/recipeImages/795751-312x231.jpg","imageType":"jpg"},{"id":766453,"title":"Hummus
        and Za''atar","image":"https://spoonacular.com/recipeImages/766453-312x231.jpg","imageType":"jpg"}],"offset":0,"number":10,"totalResults":5220}'
  recorded_at: Thu, 02 Nov 2023 14:19:22 GMT
- request:
    method: get
    uri: https://api.spoonacular.com/recipes/complexSearch?apiKey=apiKey&query=
    body:
      encoding: US-ASCII
      string: ''
    headers:
      User-Agent:
      - Faraday v2.7.11
      Accept-Encoding:
      - gzip;q=1.0,deflate;q=0.6,identity;q=0.3
      Accept:
      - "*/*"
  response:
    status:
      code: 200
      message: OK
    headers:
      Date:
      - Thu, 02 Nov 2023 14:20:10 GMT
      Content-Type:
      - application/json
      Content-Length:
      - '1472'
      Connection:
      - keep-alive
      Allow-Control-Allow-Origin:
      - "*"
      Access-Control-Allow-Origin:
      - "*"
      Access-Control-Allow-Headers:
      - Authorization, UserId, Hash, Name, Password, Accept, Accept-Language, x-api-key,
        Content-Language, Content-Type, Cache-Control, Origin, X-Requested-With
      Access-Control-Allow-Methods:
      - GET, HEAD, POST, OPTIONS, DELETE, PUT
      Allow-Control-Allow-Methods:
      - GET, HEAD, POST, OPTIONS, DELETE, PUT
      X-Api-Quota-Request:
      - '1.1'
      X-Api-Quota-Used:
      - '50.82000000000003'
      X-Api-Quota-Left:
      - '1449.18'
      Cf-Cache-Status:
      - DYNAMIC
      Report-To:
      - '{"endpoints":[{"url":"https:\/\/a.nel.cloudflare.com\/report\/v3?s=tNOwPCOvvp9o9K1zJgLdiX4bG1bdufQ%2FHFty4mknKOW73QgkgYdTnOg5ZvVCvMURkT6bJlRy55jUlNTsOGlvjcYm7XiIPu8pS8OfUVkk4%2Bp26PK93uQLmetp%2FI6sJxsppn6Nh8Q%3D"}],"group":"cf-nel","max_age":604800}'
      Nel:
      - '{"success_fraction":0,"report_to":"cf-nel","max_age":604800}'
      Server:
      - cloudflare
      Cf-Ray:
      - 81fd04418fa351ee-DEN
      Alt-Svc:
      - h3=":443"; ma=86400
    body:
      encoding: ASCII-8BIT
      string: '{"results":[{"id":782585,"title":"Cannellini Bean and Asparagus Salad
        with Mushrooms","image":"https://spoonacular.com/recipeImages/782585-312x231.jpg","imageType":"jpg"},{"id":716426,"title":"Cauliflower,
        Brown Rice, and Vegetable Fried Rice","image":"https://spoonacular.com/recipeImages/716426-312x231.jpg","imageType":"jpg"},{"id":715497,"title":"Berry
        Banana Breakfast Smoothie","image":"https://spoonacular.com/recipeImages/715497-312x231.jpg","imageType":"jpg"},{"id":715415,"title":"Red
        Lentil Soup with Chicken and Turnips","image":"https://spoonacular.com/recipeImages/715415-312x231.jpg","imageType":"jpg"},{"id":716406,"title":"Asparagus
        and Pea Soup: Real Convenience Food","image":"https://spoonacular.com/recipeImages/716406-312x231.jpg","imageType":"jpg"},{"id":644387,"title":"Garlicky
        Kale","image":"https://spoonacular.com/recipeImages/644387-312x231.jpg","imageType":"jpg"},{"id":715446,"title":"Slow
        Cooker Beef Stew","image":"https://spoonacular.com/recipeImages/715446-312x231.jpg","imageType":"jpg"},{"id":782601,"title":"Red
        Kidney Bean Jambalaya","image":"https://spoonacular.com/recipeImages/782601-312x231.jpg","imageType":"jpg"},{"id":795751,"title":"Chicken
        Fajita Stuffed Bell Pepper","image":"https://spoonacular.com/recipeImages/795751-312x231.jpg","imageType":"jpg"},{"id":766453,"title":"Hummus
        and Za''atar","image":"https://spoonacular.com/recipeImages/766453-312x231.jpg","imageType":"jpg"}],"offset":0,"number":10,"totalResults":5220}'
  recorded_at: Thu, 02 Nov 2023 14:20:09 GMT
- request:
    method: get
    uri: https://api.spoonacular.com/recipes/complexSearch?apiKey=apiKey&query=
    body:
      encoding: US-ASCII
      string: ''
    headers:
      User-Agent:
      - Faraday v2.7.11
      Accept-Encoding:
      - gzip;q=1.0,deflate;q=0.6,identity;q=0.3
      Accept:
      - "*/*"
  response:
    status:
      code: 200
      message: OK
    headers:
      Date:
      - Thu, 02 Nov 2023 14:20:15 GMT
      Content-Type:
      - application/json
      Content-Length:
      - '1472'
      Connection:
      - keep-alive
      Allow-Control-Allow-Origin:
      - "*"
      Access-Control-Allow-Origin:
      - "*"
      Access-Control-Allow-Headers:
      - Authorization, UserId, Hash, Name, Password, Accept, Accept-Language, x-api-key,
        Content-Language, Content-Type, Cache-Control, Origin, X-Requested-With
      Access-Control-Allow-Methods:
      - GET, HEAD, POST, OPTIONS, DELETE, PUT
      Allow-Control-Allow-Methods:
      - GET, HEAD, POST, OPTIONS, DELETE, PUT
      X-Api-Quota-Request:
      - '1.1'
      X-Api-Quota-Used:
      - '56.23000000000003'
      X-Api-Quota-Left:
      - '1443.77'
      Cf-Cache-Status:
      - DYNAMIC
      Report-To:
      - '{"endpoints":[{"url":"https:\/\/a.nel.cloudflare.com\/report\/v3?s=YzHYptsyUbnCMkTS80HaSLKeJCDcK0aXmODcV4VJNb5lBW%2Ff1UY0Uc0GNDXJggr9HjmbXbFMJ03YdxNQBbJenanhnAyS6xNJ6FEjxPBT6WPdmTQgLqbq9Niq3%2B%2BMvUMzydcDM8c%3D"}],"group":"cf-nel","max_age":604800}'
      Nel:
      - '{"success_fraction":0,"report_to":"cf-nel","max_age":604800}'
      Server:
      - cloudflare
      Cf-Ray:
      - 81fd0460c8bb1f38-DEN
      Alt-Svc:
      - h3=":443"; ma=86400
    body:
      encoding: ASCII-8BIT
      string: '{"results":[{"id":782585,"title":"Cannellini Bean and Asparagus Salad
        with Mushrooms","image":"https://spoonacular.com/recipeImages/782585-312x231.jpg","imageType":"jpg"},{"id":716426,"title":"Cauliflower,
        Brown Rice, and Vegetable Fried Rice","image":"https://spoonacular.com/recipeImages/716426-312x231.jpg","imageType":"jpg"},{"id":715497,"title":"Berry
        Banana Breakfast Smoothie","image":"https://spoonacular.com/recipeImages/715497-312x231.jpg","imageType":"jpg"},{"id":715415,"title":"Red
        Lentil Soup with Chicken and Turnips","image":"https://spoonacular.com/recipeImages/715415-312x231.jpg","imageType":"jpg"},{"id":716406,"title":"Asparagus
        and Pea Soup: Real Convenience Food","image":"https://spoonacular.com/recipeImages/716406-312x231.jpg","imageType":"jpg"},{"id":644387,"title":"Garlicky
        Kale","image":"https://spoonacular.com/recipeImages/644387-312x231.jpg","imageType":"jpg"},{"id":715446,"title":"Slow
        Cooker Beef Stew","image":"https://spoonacular.com/recipeImages/715446-312x231.jpg","imageType":"jpg"},{"id":782601,"title":"Red
        Kidney Bean Jambalaya","image":"https://spoonacular.com/recipeImages/782601-312x231.jpg","imageType":"jpg"},{"id":795751,"title":"Chicken
        Fajita Stuffed Bell Pepper","image":"https://spoonacular.com/recipeImages/795751-312x231.jpg","imageType":"jpg"},{"id":766453,"title":"Hummus
        and Za''atar","image":"https://spoonacular.com/recipeImages/766453-312x231.jpg","imageType":"jpg"}],"offset":0,"number":10,"totalResults":5220}'
  recorded_at: Thu, 02 Nov 2023 14:20:14 GMT
- request:
    method: get
    uri: https://api.spoonacular.com/recipes/complexSearch?apiKey=apiKey&query=
    body:
      encoding: US-ASCII
      string: ''
    headers:
      User-Agent:
      - Faraday v2.7.11
      Accept-Encoding:
      - gzip;q=1.0,deflate;q=0.6,identity;q=0.3
      Accept:
      - "*/*"
  response:
    status:
      code: 200
      message: OK
    headers:
      Date:
      - Thu, 02 Nov 2023 14:23:56 GMT
      Content-Type:
      - application/json
      Content-Length:
      - '1472'
      Connection:
      - keep-alive
      Allow-Control-Allow-Origin:
      - "*"
      Access-Control-Allow-Origin:
      - "*"
      Access-Control-Allow-Headers:
      - Authorization, UserId, Hash, Name, Password, Accept, Accept-Language, x-api-key,
        Content-Language, Content-Type, Cache-Control, Origin, X-Requested-With
      Access-Control-Allow-Methods:
      - GET, HEAD, POST, OPTIONS, DELETE, PUT
      Allow-Control-Allow-Methods:
      - GET, HEAD, POST, OPTIONS, DELETE, PUT
      X-Api-Quota-Request:
      - '1.1'
      X-Api-Quota-Used:
      - '61.640000000000036'
      X-Api-Quota-Left:
      - '1438.36'
      Cf-Cache-Status:
      - DYNAMIC
      Report-To:
      - '{"endpoints":[{"url":"https:\/\/a.nel.cloudflare.com\/report\/v3?s=VNZyAfgBX8KqLPbDS1Db%2BbhJeyIvR4J46OssX8Jm05nAoWyqK3OlR7EQUeVdDljByPb8%2FtPe%2Feg5pCA6KSGxdMMEZIMy0OHqBY58LD3kG2PWaXMfFft7vZqjl3XUlxar6a1Fm9c%3D"}],"group":"cf-nel","max_age":604800}'
      Nel:
      - '{"success_fraction":0,"report_to":"cf-nel","max_age":604800}'
      Server:
      - cloudflare
      Cf-Ray:
      - 81fd09c6cbc95391-DEN
      Alt-Svc:
      - h3=":443"; ma=86400
    body:
      encoding: ASCII-8BIT
      string: '{"results":[{"id":782585,"title":"Cannellini Bean and Asparagus Salad
        with Mushrooms","image":"https://spoonacular.com/recipeImages/782585-312x231.jpg","imageType":"jpg"},{"id":716426,"title":"Cauliflower,
        Brown Rice, and Vegetable Fried Rice","image":"https://spoonacular.com/recipeImages/716426-312x231.jpg","imageType":"jpg"},{"id":715497,"title":"Berry
        Banana Breakfast Smoothie","image":"https://spoonacular.com/recipeImages/715497-312x231.jpg","imageType":"jpg"},{"id":715415,"title":"Red
        Lentil Soup with Chicken and Turnips","image":"https://spoonacular.com/recipeImages/715415-312x231.jpg","imageType":"jpg"},{"id":716406,"title":"Asparagus
        and Pea Soup: Real Convenience Food","image":"https://spoonacular.com/recipeImages/716406-312x231.jpg","imageType":"jpg"},{"id":644387,"title":"Garlicky
        Kale","image":"https://spoonacular.com/recipeImages/644387-312x231.jpg","imageType":"jpg"},{"id":715446,"title":"Slow
        Cooker Beef Stew","image":"https://spoonacular.com/recipeImages/715446-312x231.jpg","imageType":"jpg"},{"id":782601,"title":"Red
        Kidney Bean Jambalaya","image":"https://spoonacular.com/recipeImages/782601-312x231.jpg","imageType":"jpg"},{"id":795751,"title":"Chicken
        Fajita Stuffed Bell Pepper","image":"https://spoonacular.com/recipeImages/795751-312x231.jpg","imageType":"jpg"},{"id":766453,"title":"Hummus
        and Za''atar","image":"https://spoonacular.com/recipeImages/766453-312x231.jpg","imageType":"jpg"}],"offset":0,"number":10,"totalResults":5220}'
  recorded_at: Thu, 02 Nov 2023 14:23:56 GMT
- request:
    method: get
    uri: https://api.spoonacular.com/recipes/complexSearch?apiKey=apiKey&query=
    body:
      encoding: US-ASCII
      string: ''
    headers:
      User-Agent:
      - Faraday v2.7.11
      Accept-Encoding:
      - gzip;q=1.0,deflate;q=0.6,identity;q=0.3
      Accept:
      - "*/*"
  response:
    status:
      code: 200
      message: OK
    headers:
      Date:
      - Thu, 02 Nov 2023 14:24:01 GMT
      Content-Type:
      - application/json
      Content-Length:
      - '1472'
      Connection:
      - keep-alive
      Allow-Control-Allow-Origin:
      - "*"
      Access-Control-Allow-Origin:
      - "*"
      Access-Control-Allow-Headers:
      - Authorization, UserId, Hash, Name, Password, Accept, Accept-Language, x-api-key,
        Content-Language, Content-Type, Cache-Control, Origin, X-Requested-With
      Access-Control-Allow-Methods:
      - GET, HEAD, POST, OPTIONS, DELETE, PUT
      Allow-Control-Allow-Methods:
      - GET, HEAD, POST, OPTIONS, DELETE, PUT
      X-Api-Quota-Request:
      - '1.1'
      X-Api-Quota-Used:
      - '67.05000000000003'
      X-Api-Quota-Left:
      - '1432.95'
      Cf-Cache-Status:
      - DYNAMIC
      Report-To:
      - '{"endpoints":[{"url":"https:\/\/a.nel.cloudflare.com\/report\/v3?s=aaD6SnSgtZggsYeq1ghL7QybY5JJXOHWMzoCokNG1f4DgixvXDhaECsEPDESohRf%2F%2F7rr8udUDqEATJDnEzUNFHHXvfpZflnHpbQ22s1De5FBjWG%2Bs%2BjgaV7WGj%2BqXTlzB%2BKiZc%3D"}],"group":"cf-nel","max_age":604800}'
      Nel:
      - '{"success_fraction":0,"report_to":"cf-nel","max_age":604800}'
      Server:
      - cloudflare
      Cf-Ray:
      - 81fd09e6af5a519a-DEN
      Alt-Svc:
      - h3=":443"; ma=86400
    body:
      encoding: ASCII-8BIT
      string: '{"results":[{"id":782585,"title":"Cannellini Bean and Asparagus Salad
        with Mushrooms","image":"https://spoonacular.com/recipeImages/782585-312x231.jpg","imageType":"jpg"},{"id":716426,"title":"Cauliflower,
        Brown Rice, and Vegetable Fried Rice","image":"https://spoonacular.com/recipeImages/716426-312x231.jpg","imageType":"jpg"},{"id":715497,"title":"Berry
        Banana Breakfast Smoothie","image":"https://spoonacular.com/recipeImages/715497-312x231.jpg","imageType":"jpg"},{"id":715415,"title":"Red
        Lentil Soup with Chicken and Turnips","image":"https://spoonacular.com/recipeImages/715415-312x231.jpg","imageType":"jpg"},{"id":716406,"title":"Asparagus
        and Pea Soup: Real Convenience Food","image":"https://spoonacular.com/recipeImages/716406-312x231.jpg","imageType":"jpg"},{"id":644387,"title":"Garlicky
        Kale","image":"https://spoonacular.com/recipeImages/644387-312x231.jpg","imageType":"jpg"},{"id":715446,"title":"Slow
        Cooker Beef Stew","image":"https://spoonacular.com/recipeImages/715446-312x231.jpg","imageType":"jpg"},{"id":782601,"title":"Red
        Kidney Bean Jambalaya","image":"https://spoonacular.com/recipeImages/782601-312x231.jpg","imageType":"jpg"},{"id":795751,"title":"Chicken
        Fajita Stuffed Bell Pepper","image":"https://spoonacular.com/recipeImages/795751-312x231.jpg","imageType":"jpg"},{"id":766453,"title":"Hummus
        and Za''atar","image":"https://spoonacular.com/recipeImages/766453-312x231.jpg","imageType":"jpg"}],"offset":0,"number":10,"totalResults":5220}'
  recorded_at: Thu, 02 Nov 2023 14:24:01 GMT
- request:
    method: get
    uri: https://api.spoonacular.com/recipes/complexSearch?apiKey=apiKey&query=
    body:
      encoding: US-ASCII
      string: ''
    headers:
      User-Agent:
      - Faraday v2.7.11
      Accept-Encoding:
      - gzip;q=1.0,deflate;q=0.6,identity;q=0.3
      Accept:
      - "*/*"
  response:
    status:
      code: 200
      message: OK
    headers:
      Date:
      - Thu, 02 Nov 2023 14:25:07 GMT
      Content-Type:
      - application/json
      Content-Length:
      - '1472'
      Connection:
      - keep-alive
      Allow-Control-Allow-Origin:
      - "*"
      Access-Control-Allow-Origin:
      - "*"
      Access-Control-Allow-Headers:
      - Authorization, UserId, Hash, Name, Password, Accept, Accept-Language, x-api-key,
        Content-Language, Content-Type, Cache-Control, Origin, X-Requested-With
      Access-Control-Allow-Methods:
      - GET, HEAD, POST, OPTIONS, DELETE, PUT
      Allow-Control-Allow-Methods:
      - GET, HEAD, POST, OPTIONS, DELETE, PUT
      X-Api-Quota-Request:
      - '1.1'
      X-Api-Quota-Used:
      - '72.46000000000001'
      X-Api-Quota-Left:
      - '1427.54'
      Cf-Cache-Status:
      - DYNAMIC
      Report-To:
      - '{"endpoints":[{"url":"https:\/\/a.nel.cloudflare.com\/report\/v3?s=jAWTE29Q4HgyeuJTqOT4CJ%2B7A8sG7bK3obzLhZcK1O3Ofrvy%2F5RkGG65p%2Bz0hI6WFsRZ%2FWMhN4xlKkLj8ngS%2BjRovgNfI%2B2tUf2a%2B2qZErLQDQAaL7m38E3rtNOpEiKtjpM2f7Q%3D"}],"group":"cf-nel","max_age":604800}'
      Nel:
      - '{"success_fraction":0,"report_to":"cf-nel","max_age":604800}'
      Server:
      - cloudflare
      Cf-Ray:
      - 81fd0b84497d1f44-DEN
      Alt-Svc:
      - h3=":443"; ma=86400
    body:
      encoding: ASCII-8BIT
      string: '{"results":[{"id":782585,"title":"Cannellini Bean and Asparagus Salad
        with Mushrooms","image":"https://spoonacular.com/recipeImages/782585-312x231.jpg","imageType":"jpg"},{"id":716426,"title":"Cauliflower,
        Brown Rice, and Vegetable Fried Rice","image":"https://spoonacular.com/recipeImages/716426-312x231.jpg","imageType":"jpg"},{"id":715497,"title":"Berry
        Banana Breakfast Smoothie","image":"https://spoonacular.com/recipeImages/715497-312x231.jpg","imageType":"jpg"},{"id":715415,"title":"Red
        Lentil Soup with Chicken and Turnips","image":"https://spoonacular.com/recipeImages/715415-312x231.jpg","imageType":"jpg"},{"id":716406,"title":"Asparagus
        and Pea Soup: Real Convenience Food","image":"https://spoonacular.com/recipeImages/716406-312x231.jpg","imageType":"jpg"},{"id":644387,"title":"Garlicky
        Kale","image":"https://spoonacular.com/recipeImages/644387-312x231.jpg","imageType":"jpg"},{"id":715446,"title":"Slow
        Cooker Beef Stew","image":"https://spoonacular.com/recipeImages/715446-312x231.jpg","imageType":"jpg"},{"id":782601,"title":"Red
        Kidney Bean Jambalaya","image":"https://spoonacular.com/recipeImages/782601-312x231.jpg","imageType":"jpg"},{"id":795751,"title":"Chicken
        Fajita Stuffed Bell Pepper","image":"https://spoonacular.com/recipeImages/795751-312x231.jpg","imageType":"jpg"},{"id":766453,"title":"Hummus
        and Za''atar","image":"https://spoonacular.com/recipeImages/766453-312x231.jpg","imageType":"jpg"}],"offset":0,"number":10,"totalResults":5220}'
  recorded_at: Thu, 02 Nov 2023 14:25:07 GMT
- request:
    method: get
    uri: https://api.spoonacular.com/recipes/complexSearch?apiKey=apiKey&query=
    body:
      encoding: US-ASCII
      string: ''
    headers:
      User-Agent:
      - Faraday v2.7.11
      Accept-Encoding:
      - gzip;q=1.0,deflate;q=0.6,identity;q=0.3
      Accept:
      - "*/*"
  response:
    status:
      code: 200
      message: OK
    headers:
      Date:
      - Thu, 02 Nov 2023 14:26:10 GMT
      Content-Type:
      - application/json
      Content-Length:
      - '1472'
      Connection:
      - keep-alive
      Allow-Control-Allow-Origin:
      - "*"
      Access-Control-Allow-Origin:
      - "*"
      Access-Control-Allow-Headers:
      - Authorization, UserId, Hash, Name, Password, Accept, Accept-Language, x-api-key,
        Content-Language, Content-Type, Cache-Control, Origin, X-Requested-With
      Access-Control-Allow-Methods:
      - GET, HEAD, POST, OPTIONS, DELETE, PUT
      Allow-Control-Allow-Methods:
      - GET, HEAD, POST, OPTIONS, DELETE, PUT
      X-Api-Quota-Request:
      - '1.1'
      X-Api-Quota-Used:
      - '77.86999999999999'
      X-Api-Quota-Left:
      - '1422.13'
      Cf-Cache-Status:
      - DYNAMIC
      Report-To:
      - '{"endpoints":[{"url":"https:\/\/a.nel.cloudflare.com\/report\/v3?s=L3aCzKQA5XIJ4IC2J7WKHPKiJDKUU6iIsbufbwFFYM6FNkkDscp1RSp7BkWbeaqcEZ74baSiKsD8Eq8qOUMYt6Bb75fyo%2FzFgUxuSVwrS2FTUev6NYZAnURAW%2BKlT4wv7jt6XGg%3D"}],"group":"cf-nel","max_age":604800}'
      Nel:
      - '{"success_fraction":0,"report_to":"cf-nel","max_age":604800}'
      Server:
      - cloudflare
      Cf-Ray:
      - 81fd0d0bbb161f32-DEN
      Alt-Svc:
      - h3=":443"; ma=86400
    body:
      encoding: ASCII-8BIT
      string: '{"results":[{"id":782585,"title":"Cannellini Bean and Asparagus Salad
        with Mushrooms","image":"https://spoonacular.com/recipeImages/782585-312x231.jpg","imageType":"jpg"},{"id":716426,"title":"Cauliflower,
        Brown Rice, and Vegetable Fried Rice","image":"https://spoonacular.com/recipeImages/716426-312x231.jpg","imageType":"jpg"},{"id":715497,"title":"Berry
        Banana Breakfast Smoothie","image":"https://spoonacular.com/recipeImages/715497-312x231.jpg","imageType":"jpg"},{"id":715415,"title":"Red
        Lentil Soup with Chicken and Turnips","image":"https://spoonacular.com/recipeImages/715415-312x231.jpg","imageType":"jpg"},{"id":716406,"title":"Asparagus
        and Pea Soup: Real Convenience Food","image":"https://spoonacular.com/recipeImages/716406-312x231.jpg","imageType":"jpg"},{"id":644387,"title":"Garlicky
        Kale","image":"https://spoonacular.com/recipeImages/644387-312x231.jpg","imageType":"jpg"},{"id":715446,"title":"Slow
        Cooker Beef Stew","image":"https://spoonacular.com/recipeImages/715446-312x231.jpg","imageType":"jpg"},{"id":782601,"title":"Red
        Kidney Bean Jambalaya","image":"https://spoonacular.com/recipeImages/782601-312x231.jpg","imageType":"jpg"},{"id":795751,"title":"Chicken
        Fajita Stuffed Bell Pepper","image":"https://spoonacular.com/recipeImages/795751-312x231.jpg","imageType":"jpg"},{"id":766453,"title":"Hummus
        and Za''atar","image":"https://spoonacular.com/recipeImages/766453-312x231.jpg","imageType":"jpg"}],"offset":0,"number":10,"totalResults":5220}'
  recorded_at: Thu, 02 Nov 2023 14:26:10 GMT
recorded_with: VCR 6.2.0
